mode: set
/home/dzw/golang/study/go/src/test/split/split.go:13.45,16.13 2 1
/home/dzw/golang/study/go/src/test/split/split.go:22.2,23.8 2 1
/home/dzw/golang/study/go/src/test/split/split.go:16.13,20.3 3 1
